[dinaut.com/peru/index.html]
[backblue.gif]
[fade.gif]
[index.html]
[dinaut.com/peru/vendor/modernizr.js]
[dinaut.com/peru/images/favicon.png]
[dinaut.com/peru/images/apple-touch-icon.png]
[dinaut.com/peru/images/apple-touch-icon-72x72.png]
[dinaut.com/peru/images/apple-touch-icon-114x114.png]
[dinaut.com/peru/index-2.html]
[dinaut.com/peru/admin/index.html]
[dinaut.com/peru/images/logo1.png]
[dinaut.com/peru/images/siemens-logo.png]
[dinaut.com/peru/nosotros.html]
[dinaut.com/peru/productos.html]
[dinaut.com/peru/montaje_conexiones_electricas.html]
[dinaut.com/peru/ingenieria_basica_detalle.html]
[dinaut.com/peru/ingenieria_desarrollo_aplicaciones.html]
[dinaut.com/peru/comisionamiento_puesta_marcha.html]
[dinaut.com/peru/proyectos.html]
[dinaut.com/peru/entrenamiento.html]
[dinaut.com/peru/contacto.html]
[dinaut.com/peru/contacto_bolivia.html]
[dinaut.com/peru/bolsa_laboral.html]
[dinaut.com/peru/images/slider-bebidas.jpg]
[dinaut.com/peru/images/slider-cementos.jpg]
[dinaut.com/peru/images/slider-minera.jpg]
[dinaut.com/peru/images/slider-alcoholero.jpg]
[dinaut.com/peru/images/slider-saneamiento.jpg]
[dinaut.com/peru/images/slider3.jpg]
[dinaut.com/peru/galeria/proyectos-ejecucion/54dcc4_proyecto-ecuador_Mesa de trabajo 1.jpg]
[dinaut.com/peru/galeria/proyectos-ejecucion/2fe495_cesur-web.jpg]
[dinaut.com/peru/galeria/proyectos-ejecucion/9e838e_eltoro-web.jpg]
[dinaut.com/peru/galeria/proyectos-ejecucion/222119_agrolmos_Mesa de trabajo 1.jpg]
[dinaut.com/peru/images/stock-10.jpg]
[dinaut.com/peru/images/siemens.jpg]
[dinaut.com/peru/images/rockwell.jpg]
[dinaut.com/peru/images/matrikon.jpg]
[dinaut.com/peru/images/rittal.jpg]
[dinaut.com/peru/images/phoenix.jpg]
[dinaut.com/peru/images/sgs-logo.png]
[dinaut.com/peru/images/bureau_logo.png]
[dinaut.com/peru/images/bolsa-laboral.jpg]
[dinaut.com/peru/vendor/jquery.js]
[dinaut.com/peru/js/plugins.js]
[dinaut.com/peru/vendor/respond.js]
[dinaut.com/peru/vendor/jquery.appear.js]
[dinaut.com/peru/vendor/prettyPhoto/jquery.prettyPhoto.js]
[dinaut.com/peru/vendor/isotope/jquery.isotope.min.js]
[dinaut.com/peru/vendor/form-validator/jquery.form-validator.min.js]
[dinaut.com/peru/vendor/flexslider/jquery.flexslider.js]
[dinaut.com/peru/vendor/rs-plugin/js/jquery.themepunch.tools.min.js]
[dinaut.com/peru/vendor/rs-plugin/js/jquery.themepunch.revolution.min.js]
[dinaut.com/peru/js/custom/home.js]
[dinaut.com/peru/js/theme.js]
[dinaut.com/peru/index.html]
[dinaut.com/peru/fonts/streamline-font-1.eot]
[dinaut.com/peru/fonts/streamline-font-1d41d.eot]
[dinaut.com/peru/fonts/streamline-font-1.woff]
[dinaut.com/peru/fonts/streamline-font-1.ttf]
[dinaut.com/peru/fonts/linecons28f0.eot]
[dinaut.com/peru/fonts/linecons28f0.woff]
[dinaut.com/peru/fonts/linecons28f0.ttf]
[dinaut.com/peru/images/header_line.png]
[dinaut.com/peru/images/stripe.png]
[dinaut.com/peru/css/theme.css]
[dinaut.com/peru/css/theme-animate.css]
[dinaut.com/peru/images/cd-icon-arrow.svg]
[dinaut.com/peru/images/cd-icon-close.svg]
[dinaut.com/peru/images/blog_shadow.png]
[dinaut.com/peru/css/theme-elements.css]
[dinaut.com/peru/images/select-icons.png]
[dinaut.com/peru/css/plugins.css]
[dinaut.com/peru/css/skins/sun.css]
[dinaut.com/peru/fonts/fontawesome-webfonte0a5.eot]
[dinaut.com/peru/fonts/fontawesome-webfontd41d.eot]
[dinaut.com/peru/fonts/fontawesome-webfonte0a5.woff2]
[dinaut.com/peru/fonts/fontawesome-webfonte0a5.woff]
[dinaut.com/peru/fonts/fontawesome-webfonte0a5.ttf]
[dinaut.com/peru/fonts/font-awesome.min.css]
[dinaut.com/peru/css/skeleton.css]
[dinaut.com/peru/vendor/flexslider/fonts/flexslider-icon.eot]
[dinaut.com/peru/vendor/flexslider/fonts/flexslider-icond41d.eot]
[dinaut.com/peru/vendor/flexslider/fonts/flexslider-icon.woff]
[dinaut.com/peru/vendor/flexslider/fonts/flexslider-icon.ttf]
[dinaut.com/peru/vendor/flexslider/fonts/flexslider-icon.svg]
[dinaut.com/peru/vendor/flexslider/flexslider.css]
[dinaut.com/peru/vendor/isotope/isotope.css]
[dinaut.com/peru/vendor/owl/owl.video.play.png]
[dinaut.com/peru/vendor/owl/owl.carousel.css]
[dinaut.com/peru/vendor/prettyPhoto/images/prettyPhoto/default/sprite.png]
[dinaut.com/peru/vendor/prettyPhoto/images/prettyPhoto/default/sprite_x.png]
[dinaut.com/peru/vendor/prettyPhoto/images/prettyPhoto/default/sprite_y.png]
[dinaut.com/peru/vendor/prettyPhoto/images/prettyPhoto/default/sprite_next.png]
[dinaut.com/peru/vendor/prettyPhoto/images/prettyPhoto/default/sprite_prev.png]
[dinaut.com/peru/vendor/prettyPhoto/images/prettyPhoto/default/default_thumb.png]
[dinaut.com/peru/vendor/prettyPhoto/images/prettyPhoto/default/loader.gif]
[dinaut.com/peru/vendor/prettyPhoto/images/prettyPhoto/light_rounded/sprite.png]
[dinaut.com/peru/vendor/prettyPhoto/images/prettyPhoto/light_rounded/btnNext.png]
[dinaut.com/peru/vendor/prettyPhoto/images/prettyPhoto/light_rounded/btnPrevious.png]
[dinaut.com/peru/vendor/prettyPhoto/images/prettyPhoto/dark_rounded/sprite.png]
[dinaut.com/peru/vendor/prettyPhoto/images/prettyPhoto/dark_rounded/contentPattern.png]
[dinaut.com/peru/vendor/prettyPhoto/images/prettyPhoto/dark_rounded/btnNext.png]
[dinaut.com/peru/vendor/prettyPhoto/images/prettyPhoto/dark_rounded/btnPrevious.png]
[dinaut.com/peru/vendor/prettyPhoto/images/prettyPhoto/dark_rounded/loader.gif]
[dinaut.com/peru/vendor/prettyPhoto/images/prettyPhoto/dark_square/loader.gif]
[dinaut.com/peru/vendor/prettyPhoto/images/prettyPhoto/dark_square/sprite.png]
[dinaut.com/peru/vendor/prettyPhoto/images/prettyPhoto/dark_square/btnNext.png]
[dinaut.com/peru/vendor/prettyPhoto/images/prettyPhoto/dark_square/btnPrevious.png]
[dinaut.com/peru/vendor/prettyPhoto/images/prettyPhoto/light_square/sprite.png]
[dinaut.com/peru/vendor/prettyPhoto/images/prettyPhoto/light_square/btnNext.png]
[dinaut.com/peru/vendor/prettyPhoto/images/prettyPhoto/light_square/btnPrevious.png]
[dinaut.com/peru/vendor/prettyPhoto/images/prettyPhoto/facebook/sprite.png]
[dinaut.com/peru/vendor/prettyPhoto/images/prettyPhoto/facebook/contentPatternTop.png]
[dinaut.com/peru/vendor/prettyPhoto/images/prettyPhoto/facebook/contentPatternLeft.png]
[dinaut.com/peru/vendor/prettyPhoto/images/prettyPhoto/facebook/contentPatternRight.png]
[dinaut.com/peru/vendor/prettyPhoto/images/prettyPhoto/facebook/loader.gif]
[dinaut.com/peru/vendor/prettyPhoto/images/prettyPhoto/facebook/btnNext.png]
[dinaut.com/peru/vendor/prettyPhoto/images/prettyPhoto/facebook/btnPrevious.png]
[dinaut.com/peru/vendor/prettyPhoto/images/prettyPhoto/facebook/contentPatternBottom.png]
[dinaut.com/peru/vendor/prettyPhoto/images/prettyPhoto/facebook/default_thumbnail.gif]
[dinaut.com/peru/vendor/prettyPhoto/images/prettyPhoto/light_rounded/loader.gif]
[dinaut.com/peru/vendor/prettyPhoto/prettyPhoto.css]
[dinaut.com/peru/vendor/rs-plugin/images/gradient/g30.png]
[dinaut.com/peru/vendor/rs-plugin/images/gradient/g40.png]
[dinaut.com/peru/vendor/rs-plugin/assets/shadow1.png]
[dinaut.com/peru/vendor/rs-plugin/assets/shadow2.png]
[dinaut.com/peru/vendor/rs-plugin/assets/shadow3.png]
[dinaut.com/peru/vendor/rs-plugin/assets/gridtile_3x3.png]
[dinaut.com/peru/vendor/rs-plugin/assets/gridtile_3x3_white.png]
[dinaut.com/peru/vendor/rs-plugin/assets/boxed_bgtile.png]
[dinaut.com/peru/vendor/rs-plugin/assets/navigdots_bgtile.png]
[dinaut.com/peru/vendor/rs-plugin/assets/bullet.png]
[dinaut.com/peru/vendor/rs-plugin/assets/bullets.png]
[dinaut.com/peru/vendor/rs-plugin/assets/bullets2.png]
[dinaut.com/peru/vendor/rs-plugin/assets/bullet_boxed.png]
[dinaut.com/peru/vendor/rs-plugin/assets/navigdots.png]
[dinaut.com/peru/vendor/rs-plugin/assets/large_left.png]
[dinaut.com/peru/vendor/rs-plugin/assets/large_right.png]
[dinaut.com/peru/vendor/rs-plugin/assets/small_left.png]
[dinaut.com/peru/vendor/rs-plugin/assets/small_right.png]
[dinaut.com/peru/vendor/rs-plugin/assets/arrow_left.png]
[dinaut.com/peru/vendor/rs-plugin/assets/arrow_right.png]
[dinaut.com/peru/vendor/rs-plugin/assets/small_left_boxed.png]
[dinaut.com/peru/vendor/rs-plugin/assets/small_right_boxed.png]
[dinaut.com/peru/vendor/rs-plugin/assets/arrowleft.png]
[dinaut.com/peru/vendor/rs-plugin/assets/arrowright.png]
[dinaut.com/peru/vendor/rs-plugin/assets/arrow_left2.png]
[dinaut.com/peru/vendor/rs-plugin/assets/arrow_right2.png]
[dinaut.com/peru/vendor/rs-plugin/assets/timer.png]
[dinaut.com/peru/vendor/rs-plugin/assets/coloredbg.png]
[dinaut.com/peru/vendor/rs-plugin/assets/loader.gif]
[dinaut.com/peru/vendor/rs-plugin/font/revicons90c6.eot]
[dinaut.com/peru/vendor/rs-plugin/font/revicons90c6.woff]
[dinaut.com/peru/vendor/rs-plugin/font/revicons90c6.ttf]
[dinaut.com/peru/vendor/rs-plugin/css/settings.css]
[dinaut.com/peru/css/animate.css]
[dinaut.com/peru/css/theme-responsive.css]
[dinaut.com/peru/images/apple-touch-icon.html]
[dinaut.com/peru/images/apple-touch-icon-72x72.html]
[dinaut.com/peru/images/apple-touch-icon-114x114.html]
[dinaut.com/peru/admin/index.html]
[dinaut.com/peru/index-2.html]
[dinaut.com/peru/images/stock-7.jpg]
[dinaut.com/peru/images/responsabilidad.jpg]
[dinaut.com/peru/nosotros.html]
[dinaut.com/peru/images/producto1.jpg]
[dinaut.com/peru/images/fondo-productos.jpg]
[dinaut.com/peru/images/productos/8.jpg]
[dinaut.com/peru/images/productos/2.jpg]
[dinaut.com/peru/images/productos/3.jpg]
[dinaut.com/peru/images/productos/7.jpg]
[dinaut.com/peru/images/productos/5.jpg]
[dinaut.com/peru/images/productos/6.jpg]
[dinaut.com/peru/images/productos/10.jpg]
[dinaut.com/peru/images/productos/9.jpg]
[dinaut.com/peru/productos.html]
[dinaut.com/peru/images/servicios-fondo.jpg]
[dinaut.com/peru/images/servicios/montaje1.jpg]
[dinaut.com/peru/images/servicios/montaje3.jpg]
[dinaut.com/peru/images/servicios/montaje2.jpg]
[dinaut.com/peru/images/servicios/montaje4.jpg]
[dinaut.com/peru/galeria/proyectos/logo-2.png]
[dinaut.com/peru/galeria/proyectos/EDEGEL.png]
[dinaut.com/peru/galeria/proyectos/logo-3.png]
[dinaut.com/peru/images/pdf/brochure-dinaut.pdf]
[dinaut.com/peru/images/pdf/certificacionesSSK.pdf]
[dinaut.com/peru/capacitaciones.php]
[dinaut.com/peru/montaje_conexiones_electricas.html]
[dinaut.com/peru/images/servicios/ingenieria-basica1.jpg]
[dinaut.com/peru/images/servicios/ingenieria-basica2.jpg]
[dinaut.com/peru/images/servicios/ingenieria-basica3.jpg]
[dinaut.com/peru/images/servicios/ingenieria-basica4.jpg]
[dinaut.com/peru/ingenieria_basica_detalle.html]
[dinaut.com/peru/images/servicios/ingenieria-dinaut1.jpg]
[dinaut.com/peru/images/servicios/ingenieria-dinaut2.jpg]
[dinaut.com/peru/images/servicios/ingenieria-dinaut3.jpg]
[dinaut.com/peru/ingenieria_desarrollo_aplicaciones.html]
[dinaut.com/peru/images/servicios/comisionamiento-dinaut1.jpg]
[dinaut.com/peru/images/servicios/comisionamiento-dinaut2.jpg]
[dinaut.com/peru/images/servicios/comisionamiento-dinaut3.jpg]
[dinaut.com/peru/images/servicios/comisionamiento-dinaut4.jpg]
[dinaut.com/peru/comisionamiento_puesta_marcha.html]
[cdn.rawgit.com/michalsnik/aos/2.1.1/dist/aos.css]
[dinaut.com/peru/galeria/proyectos/volcan.jpg]
[dinaut.com/peru/galeria/proyectos/upc.jpg]
[dinaut.com/peru/galeria/proyectos/utp.jpg]
[dinaut.com/peru/galeria/proyectos/huancavelica.jpg]
[dinaut.com/peru/galeria/proyectos/backus_logo.jpg]
[dinaut.com/peru/galeria/proyectos/sedapal.jpg]
[dinaut.com/peru/galeria/proyectos/quimpac.jpg]
[dinaut.com/peru/galeria/proyectos/nexa.jpg]
[dinaut.com/peru/galeria/proyectos/lasbambas.jpg]
[cdn.rawgit.com/michalsnik/aos/2.1.1/dist/aos.js]
[unpkg.com/scrollreveal/dist/scrollreveal.min.cd.delayed]
[unpkg.com/scrollreveal@4.0.9/dist/scrollreveal.min.js]
[dinaut.com/peru/include/proyectos-response466d.html]
[dinaut.com/peru/proyectos.html]
[dinaut.com/peru/galeria/entrenamiento/b7144c_18-20AGOSTO-2021.jpg]
[dinaut.com/peru/galeria/entrenamiento/1b43b9_23-27AGOSTO21.jpg]
[dinaut.com/peru/galeria/entrenamiento/8bf8e3_12-13agosto21.jpg]
[dinaut.com/peru/galeria/entrenamiento/a8fbe0_09-11-AGOSTO21.jpg]
[dinaut.com/peru/entrenamientocff1.html]
[dinaut.com/peru/entrenamiento.html]
[dinaut.com/peru/vendor/form-validator/jquery.form-validator.js]
[dinaut.com/peru/contacto.html]
[dinaut.com/peru/contacto_bolivia.html]
[dinaut.com/peru/images/bolsa-laboral1.jpg]
[dinaut.com/peru/bolsa_laboral.html]
[dinaut.com/peru/include/submit-boletin.html]
[dinaut.com/peru/fonts/streamline-font-1.svg]
[dinaut.com/peru/fonts/linecons28f0.svg]
[dinaut.com/peru/images/stripe.html]
[dinaut.com/peru/images/cd-icon-arrow.html]
[dinaut.com/peru/images/cd-icon-close.html]
[dinaut.com/peru/fonts/fontawesome-webfonte0a5.svg]
[dinaut.com/peru/vendor/flexslider/fonts/flexslider-icon.html]
[dinaut.com/peru/vendor/flexslider/fonts/flexslider-icond41d.html]
[dinaut.com/peru/vendor/flexslider/fonts/flexslider-icon-2.html]
[dinaut.com/peru/vendor/flexslider/fonts/flexslider-icon-3.html]
[dinaut.com/peru/vendor/flexslider/fonts/flexslider-icon-4.html]
[dinaut.com/peru/vendor/owl/owl.video.play.html]
[dinaut.com/peru/vendor/rs-plugin/font/revicons90c6.svg]
[dinaut.com/peru/capacitaciones.html]
[cdn.rawgit.com/michalsnik/aos/2.1.1/dist/aos.css]
[dinaut.com/peru/include/proyectos-response6ec0.html]
[dinaut.com/peru/include/proyectos-response466d.html]
[dinaut.com/peru/entrenamientocff1.html]
[dinaut.com/peru/vendor/rs-plugin/assets/gridtile.png]
[dinaut.com/peru/vendor/rs-plugin/assets/gridtile_white.png]
